=== Run 1 of 12 ===
Generating easy questions...
{"generated":15,"category":"nfl_football","difficulty":"easy"}
Generating medium questions...
{"generated":15,"category":"nfl_football","difficulty":"medium"}
Generating hard questions...
{"generated":15,"category":"nfl_football","difficulty":"hard"}
=== Run 2 of 12 ===
Generating easy questions...
{"generated":15,"category":"nfl_football","difficulty":"easy"}
Generating medium questions...
{"generated":15,"category":"nfl_football","difficulty":"medium"}
Generating hard questions...
{"generated":15,"category":"nfl_football","difficulty":"hard"}
=== Run 3 of 12 ===
Generating easy questions...
{"generated":15,"category":"nfl_football","difficulty":"easy"}
Generating medium questions...
{"generated":15,"category":"nfl_football","difficulty":"medium"}
Generating hard questions...
{"generated":15,"category":"nfl_football","difficulty":"hard"}
=== Run 4 of 12 ===
Generating easy questions...
{"generated":15,"category":"nfl_football","difficulty":"easy"}
Generating medium questions...
{"generated":15,"category":"nfl_football","difficulty":"medium"}
Generating hard questions...
{"generated":15,"category":"nfl_football","difficulty":"hard"}
=== Run 5 of 12 ===
Generating easy questions...
{"generated":15,"category":"nfl_football","difficulty":"easy"}
Generating medium questions...
{"generated":15,"category":"nfl_football","difficulty":"medium"}
Generating hard questions...
{"generated":15,"category":"nfl_football","difficulty":"hard"}
=== Run 6 of 12 ===
Generating easy questions...
{"generated":15,"category":"nfl_football","difficulty":"easy"}
Generating medium questions...
{"generated":15,"category":"nfl_football","difficulty":"medium"}
Generating hard questions...
{"generated":15,"category":"nfl_football","difficulty":"hard"}
=== Run 7 of 12 ===
Generating easy questions...
{"generated":13,"category":"nfl_football","difficulty":"easy"}
Generating medium questions...
{"generated":15,"category":"nfl_football","difficulty":"medium"}
Generating hard questions...
{"generated":15,"category":"nfl_football","difficulty":"hard"}
=== Run 8 of 12 ===
Generating easy questions...
{"generated":15,"category":"nfl_football","difficulty":"easy"}
Generating medium questions...
{"generated":15,"category":"nfl_football","difficulty":"medium"}
Generating hard questions...
{"generated":15,"category":"nfl_football","difficulty":"hard"}
=== Run 9 of 12 ===
Generating easy questions...
{"generated":15,"category":"nfl_football","difficulty":"easy"}
Generating medium questions...
{"generated":15,"category":"nfl_football","difficulty":"medium"}
Generating hard questions...
{"generated":15,"category":"nfl_football","difficulty":"hard"}
=== Run 10 of 12 ===
Generating easy questions...
{"generated":15,"category":"nfl_football","difficulty":"easy"}
Generating medium questions...
{"generated":15,"category":"nfl_football","difficulty":"medium"}
Generating hard questions...
{"generated":15,"category":"nfl_football","difficulty":"hard"}
=== Run 11 of 12 ===
Generating easy questions...
{"generated":15,"category":"nfl_football","difficulty":"easy"}
Generating medium questions...
{"generated":15,"category":"nfl_football","difficulty":"medium"}
Generating hard questions...
{"generated":15,"category":"nfl_football","difficulty":"hard"}
=== Run 12 of 12 ===
Generating easy questions...
{"generated":13,"category":"nfl_football","difficulty":"easy"}
Generating medium questions...
{"generated":15,"category":"nfl_football","difficulty":"medium"}
Generating hard questions...
{"generated":15,"category":"nfl_football","difficulty":"hard"}
=== Done ===
